** Drc report for hackclub_macropad.kicad_pcb **
** Created on 2026-01-25T12:35:41-0500 **

** Found 7 DRC violations **
[lib_footprint_mismatch]: Footprint 'XIAORF2040' does not match copy in library 'XIAORF2040'.
    Local override; warning
    @(100.7000 mm, 48.1500 mm): Footprint U1
[invalid_outline]: Board has malformed outline (self-intersecting)
    Local override; error
    @(83.7500 mm, 36.0000 mm): Rectangle on Edge.Cuts
    @(83.7500 mm, 36.0000 mm): Rectangle on Edge.Cuts
[silk_overlap]: Silkscreen overlap
    Rule: board setup constraints silk; warning
    @(98.0300 mm, 70.1300 mm): Rectangle of D2 on F.Silkscreen
    @(100.1500 mm, 72.6800 mm): Reference field of D3
[silk_overlap]: Silkscreen overlap
    Rule: board setup constraints silk; warning
    @(98.0300 mm, 66.5800 mm): Rectangle of D1 on F.Silkscreen
    @(100.1500 mm, 69.1300 mm): Reference field of D2
[silk_overlap]: Silkscreen overlap
    Rule: board setup constraints silk; warning
    @(100.1500 mm, 83.3300 mm): Reference field of D6
    @(98.0300 mm, 80.7800 mm): Rectangle of D5 on F.Silkscreen
[silk_overlap]: Silkscreen overlap
    Rule: board setup constraints silk; warning
    @(98.0300 mm, 77.2300 mm): Rectangle of D4 on F.Silkscreen
    @(100.1500 mm, 79.7800 mm): Reference field of D5
[silk_overlap]: Silkscreen overlap
    Rule: board setup constraints silk; warning
    @(100.1500 mm, 76.2300 mm): Reference field of D4
    @(98.0300 mm, 73.6800 mm): Rectangle of D3 on F.Silkscreen

** Found 0 unconnected pads **

** Found 0 Footprint errors **

** End of Report **
